==========================================
 JOB STARTED ON: Thursday 16 April 2026 02:25:16 AM IST
 Agent: WCE_code3_final (ResNet/ViT/Swin)
==========================================
Env 'wce_env2' exists. Activating...
Active env: wce_env2
torch already installed — skipping pip installs.
libnvJitLink found at: /home/rahuldixit/.local/lib/python3.10/site-packages/nvidia/nvjitlink/lib
Thu Apr 16 02:25:22 2026       
+-----------------------------------------------------------------------------------------+
| NVIDIA-SMI 570.211.01             Driver Version: 570.211.01     CUDA Version: 12.8     |
|-----------------------------------------+------------------------+----------------------+
| GPU  Name                 Persistence-M | Bus-Id          Disp.A | Volatile Uncorr. ECC |
| Fan  Temp   Perf          Pwr:Usage/Cap |           Memory-Usage | GPU-Util  Compute M. |
|                                         |                        |               MIG M. |
|=========================================+========================+======================|
|   0  NVIDIA H100 NVL                Off |   00000000:01:00.0 Off |                    0 |
| N/A   88C    P0            215W /  400W |   27494MiB /  95830MiB |     99%      Default |
|                                         |                        |             Disabled |
+-----------------------------------------+------------------------+----------------------+
                                                                                         
+-----------------------------------------------------------------------------------------+
| Processes:                                                                              |
|  GPU   GI   CI              PID   Type   Process name                        GPU Memory |
|        ID   ID                                                               Usage      |
|=========================================================================================|
|    0   N/A  N/A            4394      G   /usr/lib/xorg/Xorg                        4MiB |
|    0   N/A  N/A          756669      C   python3                               13732MiB |
|    0   N/A  N/A          756680      C   python3                               13732MiB |
+-----------------------------------------------------------------------------------------+
PyTorch : 2.7.1+cu118
CUDA    : True
GPU     : NVIDIA H100 NVL
==========================================
 STARTING WCE_code4_final
==========================================
Running script: /home/rahuldixit/aksh/dl_project/5_wce_major_final.py
Device : cuda
GPU    : NVIDIA H100 NVL
VRAM   : 100.0 GB

[Phase 1] Loading data...
Classes (14): ['Ampulla of vater', 'Angiectasia', 'Blood - fresh', 'Blood - hematin', 'Erosion', 'Erythema', 'Foreign body', 'Ileocecal valve', 'Lymphangiectasia', 'Normal clean mucosa', 'Polyp', 'Pylorus', 'Reduced mucosal view', 'Ulcer']
Train:33066  Val:7086  Test:7086
Minority (4): ['Ampulla of vater', 'Blood - hematin', 'Erythema', 'Polyp']
Majority (10): ['Angiectasia', 'Blood - fresh', 'Erosion', 'Foreign body', 'Ileocecal valve', 'Lymphangiectasia', 'Normal clean mucosa', 'Pylorus', 'Reduced mucosal view', 'Ulcer']
Building S3 balanced dataset...
  Balanced: 14,000 samples
    Ampulla of vater           1000
    Angiectasia                1000
    Blood - fresh              1000
    Blood - hematin            1000
    Erosion                    1000
    Erythema                   1000
    Foreign body               1000
    Ileocecal valve            1000
    Lymphangiectasia           1000
    Normal clean mucosa        1000
    Polyp                      1000
    Pylorus                    1000
    Reduced mucosal view       1000
    Ulcer                      1000

S1 focal: with class weights (max=10.0x)
S3 focal: plain focal loss, no alpha (balanced data)

=== Training S1_EffNetB0 | lr=0.001 | epochs=20 ===
  Ep01/20 Tr:0.4169 Vl:0.1824 MacroF1:0.3568 LR:1.00e-03
  Ep02/20 Tr:0.1725 Vl:0.1283 MacroF1:0.3986 LR:9.94e-04
  Ep03/20 Tr:0.1269 Vl:0.0889 MacroF1:0.4520 LR:9.76e-04
  Ep04/20 Tr:0.1080 Vl:0.0938 MacroF1:0.4536 LR:9.46e-04
  Ep05/20 Tr:0.0592 Vl:0.0800 MacroF1:0.5740 LR:9.05e-04
  Ep06/20 Tr:0.0563 Vl:0.0954 MacroF1:0.5391 LR:8.54e-04
  Ep07/20 Tr:0.0710 Vl:0.0537 MacroF1:0.5397 LR:7.94e-04
  Ep08/20 Tr:0.0592 Vl:0.0893 MacroF1:0.5313 LR:7.27e-04
  Ep09/20 Tr:0.0385 Vl:0.0510 MacroF1:0.5567 LR:6.55e-04
  Ep10/20 Tr:0.0200 Vl:0.0529 MacroF1:0.5544 LR:5.79e-04
  Ep11/20 Tr:0.0258 Vl:0.0675 MacroF1:0.5555 LR:5.01e-04
  Ep12/20 Tr:0.0232 Vl:0.0715 MacroF1:0.5910 LR:4.22e-04
  Ep13/20 Tr:0.0171 Vl:0.0621 MacroF1:0.5793 LR:3.46e-04
  Ep14/20 Tr:0.0077 Vl:0.0606 MacroF1:0.6010 LR:1.37e-04
  Ep15/20 Tr:0.0077 Vl:0.0470 MacroF1:0.6337 LR:1.04e-04
  Ep16/20 Tr:0.0062 Vl:0.0422 MacroF1:0.6150 LR:7.39e-05
  Ep17/20 Tr:0.0063 Vl:0.0420 MacroF1:0.6277 LR:4.85e-05
  Ep18/20 Tr:0.0049 Vl:0.0402 MacroF1:0.6487 LR:2.81e-05
  Ep19/20 Tr:0.0056 Vl:0.0410 MacroF1:0.6384 LR:1.32e-05
  Ep20/20 Tr:0.0044 Vl:0.0404 MacroF1:0.6344 LR:4.06e-06

=== Training S3_EffNetB0 | lr=0.001 | epochs=20 ===
  Ep01/20 Tr:0.4847 Vl:0.4168 MacroF1:0.6700 LR:1.00e-03
  Ep02/20 Tr:0.1690 Vl:0.4928 MacroF1:0.6900 LR:9.94e-04
  Ep03/20 Tr:0.1182 Vl:0.6889 MacroF1:0.5852 LR:9.76e-04
  Ep04/20 Tr:0.0913 Vl:0.2045 MacroF1:0.7525 LR:9.46e-04
  Ep05/20 Tr:0.0807 Vl:0.2622 MacroF1:0.7286 LR:9.05e-04
  Ep06/20 Tr:0.0728 Vl:0.3603 MacroF1:0.6812 LR:8.54e-04
  Ep07/20 Tr:0.0626 Vl:0.2700 MacroF1:0.7446 LR:7.94e-04
  Ep08/20 Tr:0.0569 Vl:0.1954 MacroF1:0.7908 LR:7.27e-04
  Ep09/20 Tr:0.0396 Vl:0.2059 MacroF1:0.8121 LR:6.55e-04
  Ep10/20 Tr:0.0375 Vl:0.2339 MacroF1:0.7393 LR:5.79e-04
  Ep11/20 Tr:0.0366 Vl:0.2399 MacroF1:0.7532 LR:5.01e-04
  Ep12/20 Tr:0.0281 Vl:0.2520 MacroF1:0.7479 LR:4.22e-04
  Ep13/20 Tr:0.0223 Vl:0.2669 MacroF1:0.7385 LR:1.73e-04
  Ep14/20 Tr:0.0188 Vl:0.2243 MacroF1:0.7630 LR:1.37e-04
  Ep15/20 Tr:0.0174 Vl:0.2517 MacroF1:0.7589 LR:1.04e-04
  Ep16/20 Tr:0.0141 Vl:0.2653 MacroF1:0.7713 LR:7.39e-05
  Ep17/20 Tr:0.0126 Vl:0.2501 MacroF1:0.7684 LR:2.43e-05
  Ep18/20 Tr:0.0117 Vl:0.2338 MacroF1:0.7767 LR:1.43e-05
  Ep19/20 Tr:0.0136 Vl:0.2394 MacroF1:0.7851 LR:6.97e-06
  Ep20/20 Tr:0.0111 Vl:0.2456 MacroF1:0.7814 LR:2.50e-06

=== Training S1_MobileV3 | lr=0.001 | epochs=20 ===
  Ep01/20 Tr:0.3934 Vl:0.2150 MacroF1:0.4115 LR:1.00e-03
  Ep02/20 Tr:0.1227 Vl:0.1211 MacroF1:0.6411 LR:9.94e-04
  Ep03/20 Tr:0.0884 Vl:0.1016 MacroF1:0.6160 LR:9.76e-04
  Ep04/20 Tr:0.0590 Vl:0.0890 MacroF1:0.6421 LR:9.46e-04
  Ep05/20 Tr:0.0350 Vl:0.0647 MacroF1:0.6768 LR:9.05e-04
  Ep06/20 Tr:0.0323 Vl:0.0678 MacroF1:0.6676 LR:8.54e-04
  Ep07/20 Tr:0.0317 Vl:0.0964 MacroF1:0.6567 LR:7.94e-04
  Ep08/20 Tr:0.0221 Vl:0.0671 MacroF1:0.6795 LR:7.27e-04
  Ep09/20 Tr:0.0312 Vl:0.2771 MacroF1:0.6935 LR:6.55e-04
  Ep10/20 Tr:0.0145 Vl:0.0608 MacroF1:0.7645 LR:2.89e-04
  Ep11/20 Tr:0.0062 Vl:0.0508 MacroF1:0.7720 LR:2.50e-04
  Ep12/20 Tr:0.0049 Vl:0.0518 MacroF1:0.7815 LR:2.11e-04
  Ep13/20 Tr:0.0043 Vl:0.0467 MacroF1:0.7843 LR:1.73e-04
  Ep14/20 Tr:0.0041 Vl:0.0475 MacroF1:0.7930 LR:1.37e-04
  Ep15/20 Tr:0.0035 Vl:0.0456 MacroF1:0.7884 LR:1.04e-04
  Ep16/20 Tr:0.0030 Vl:0.0444 MacroF1:0.8144 LR:7.40e-05
  Ep17/20 Tr:0.0030 Vl:0.0459 MacroF1:0.8162 LR:4.86e-05
  Ep18/20 Tr:0.0026 Vl:0.0463 MacroF1:0.8176 LR:2.82e-05
  Ep19/20 Tr:0.0028 Vl:0.0452 MacroF1:0.8117 LR:1.32e-05
  Ep20/20 Tr:0.0023 Vl:0.0453 MacroF1:0.8192 LR:4.07e-06

=== Training S3_MobileV3 | lr=0.001 | epochs=20 ===
  Ep01/20 Tr:0.5303 Vl:0.9028 MacroF1:0.4804 LR:1.00e-03
  Ep02/20 Tr:0.1914 Vl:0.4330 MacroF1:0.7004 LR:9.94e-04
  Ep03/20 Tr:0.1356 Vl:0.2636 MacroF1:0.7108 LR:9.76e-04
  Ep04/20 Tr:0.1043 Vl:0.3869 MacroF1:0.6735 LR:9.46e-04
  Ep05/20 Tr:0.0895 Vl:0.3022 MacroF1:0.6856 LR:9.05e-04
  Ep06/20 Tr:0.0755 Vl:0.2932 MacroF1:0.7028 LR:8.54e-04
  Ep07/20 Tr:0.0691 Vl:0.2361 MacroF1:0.7479 LR:7.94e-04
  Ep08/20 Tr:0.0631 Vl:0.3523 MacroF1:0.7115 LR:7.27e-04
  Ep09/20 Tr:0.0451 Vl:0.4385 MacroF1:0.6561 LR:6.55e-04
  Ep10/20 Tr:0.0381 Vl:0.2608 MacroF1:0.7739 LR:5.79e-04
  Ep11/20 Tr:0.0347 Vl:0.3144 MacroF1:0.7286 LR:5.01e-04
  Ep12/20 Tr:0.0235 Vl:0.2631 MacroF1:0.7818 LR:2.11e-04
  Ep13/20 Tr:0.0201 Vl:0.2572 MacroF1:0.7706 LR:1.73e-04
  Ep14/20 Tr:0.0200 Vl:0.2576 MacroF1:0.7592 LR:1.37e-04
  Ep15/20 Tr:0.0185 Vl:0.2583 MacroF1:0.7591 LR:1.04e-04
  Ep16/20 Tr:0.0202 Vl:0.2469 MacroF1:0.7620 LR:3.70e-05
  Ep17/20 Tr:0.0153 Vl:0.2466 MacroF1:0.7691 LR:2.45e-05
  Ep18/20 Tr:0.0169 Vl:0.2471 MacroF1:0.7693 LR:1.44e-05
  Ep19/20 Tr:0.0142 Vl:0.2454 MacroF1:0.7707 LR:7.01e-06
  Ep20/20 Tr:0.0139 Vl:0.2452 MacroF1:0.7718 LR:1.26e-06

=== Training S1_ResNet50 | lr=0.001 | epochs=20 ===
  Ep01/20 Tr:0.5964 Vl:0.2947 MacroF1:0.2919 LR:1.00e-03
  Ep02/20 Tr:0.2187 Vl:0.1504 MacroF1:0.3497 LR:9.94e-04
  Ep03/20 Tr:0.1331 Vl:0.2176 MacroF1:0.4251 LR:9.76e-04
  Ep04/20 Tr:0.0920 Vl:0.2858 MacroF1:0.3636 LR:9.46e-04
  Ep05/20 Tr:0.0798 Vl:0.1009 MacroF1:0.4131 LR:9.05e-04
  Ep06/20 Tr:0.0490 Vl:0.1262 MacroF1:0.4665 LR:8.54e-04
  Ep07/20 Tr:0.0547 Vl:0.1100 MacroF1:0.5773 LR:7.94e-04
  Ep08/20 Tr:0.0333 Vl:0.1136 MacroF1:0.5212 LR:7.27e-04
  Ep09/20 Tr:0.0209 Vl:0.0778 MacroF1:0.6080 LR:6.55e-04
  Ep10/20 Tr:0.0180 Vl:0.0704 MacroF1:0.6003 LR:5.79e-04
  Ep11/20 Tr:0.0197 Vl:0.0674 MacroF1:0.5938 LR:5.01e-04
  Ep12/20 Tr:0.0095 Vl:0.0591 MacroF1:0.6956 LR:4.22e-04
  Ep13/20 Tr:0.0073 Vl:0.0493 MacroF1:0.6587 LR:3.46e-04
  Ep14/20 Tr:0.0058 Vl:0.0606 MacroF1:0.7020 LR:2.74e-04
  Ep15/20 Tr:0.0068 Vl:0.0635 MacroF1:0.7170 LR:2.07e-04
  Ep16/20 Tr:0.0049 Vl:0.0609 MacroF1:0.6447 LR:1.47e-04
  Ep17/20 Tr:0.0032 Vl:0.0635 MacroF1:0.7642 LR:9.64e-05
  Ep18/20 Tr:0.0024 Vl:0.0543 MacroF1:0.7768 LR:2.77e-05
  Ep19/20 Tr:0.0022 Vl:0.0508 MacroF1:0.7670 LR:1.30e-05
  Ep20/20 Tr:0.0021 Vl:0.0536 MacroF1:0.7646 LR:4.02e-06

=== Training S3_ResNet50 | lr=0.001 | epochs=20 ===
  Ep01/20 Tr:0.5765 Vl:0.6049 MacroF1:0.6386 LR:1.00e-03
  Ep02/20 Tr:0.2593 Vl:0.3209 MacroF1:0.6831 LR:9.94e-04
  Ep03/20 Tr:0.1933 Vl:0.5052 MacroF1:0.6003 LR:9.76e-04
  Ep04/20 Tr:0.1527 Vl:0.3267 MacroF1:0.7097 LR:9.46e-04
  Ep05/20 Tr:0.1252 Vl:0.4771 MacroF1:0.7341 LR:9.05e-04
  Ep06/20 Tr:0.1093 Vl:0.4534 MacroF1:0.6911 LR:8.54e-04
  Ep07/20 Tr:0.0689 Vl:0.2592 MacroF1:0.7666 LR:3.97e-04
  Ep08/20 Tr:0.0550 Vl:0.2234 MacroF1:0.7728 LR:3.64e-04
  Ep09/20 Tr:0.0550 Vl:0.4041 MacroF1:0.7445 LR:3.28e-04
  Ep10/20 Tr:0.0424 Vl:0.2853 MacroF1:0.7991 LR:2.89e-04
  Ep11/20 Tr:0.0407 Vl:0.2443 MacroF1:0.7388 LR:2.50e-04
  Ep12/20 Tr:0.0371 Vl:0.2713 MacroF1:0.7492 LR:2.11e-04
  Ep13/20 Tr:0.0322 Vl:0.2085 MacroF1:0.7875 LR:8.67e-05
  Ep14/20 Tr:0.0270 Vl:0.2612 MacroF1:0.7625 LR:6.87e-05
  Ep15/20 Tr:0.0221 Vl:0.2424 MacroF1:0.7955 LR:5.21e-05
  Ep16/20 Tr:0.0214 Vl:0.2487 MacroF1:0.7714 LR:3.73e-05
  Ep17/20 Tr:0.0211 Vl:0.2553 MacroF1:0.7784 LR:2.47e-05
  Ep18/20 Tr:0.0205 Vl:0.2314 MacroF1:0.7845 LR:7.26e-06
  Ep19/20 Tr:0.0179 Vl:0.2264 MacroF1:0.7895 LR:3.81e-06
  Ep20/20 Tr:0.0197 Vl:0.2367 MacroF1:0.7797 LR:1.71e-06

=== Training S3_ViT | lr=0.0001 | epochs=20 ===
  Ep01/20 Tr:0.2606 Vl:0.1770 MacroF1:0.7799 LR:1.00e-04
  Ep02/20 Tr:0.0567 Vl:0.2021 MacroF1:0.7664 LR:9.94e-05
  Ep03/20 Tr:0.0359 Vl:0.1591 MacroF1:0.7823 LR:9.76e-05
  Ep04/20 Tr:0.0298 Vl:0.3662 MacroF1:0.6968 LR:9.46e-05
  Ep05/20 Tr:0.0224 Vl:0.2369 MacroF1:0.7755 LR:9.05e-05
  Ep06/20 Tr:0.0179 Vl:0.2132 MacroF1:0.7274 LR:8.55e-05
  Ep07/20 Tr:0.0125 Vl:0.2299 MacroF1:0.7439 LR:7.96e-05
  Ep08/20 Tr:0.0061 Vl:0.1926 MacroF1:0.8156 LR:3.65e-05
  Ep09/20 Tr:0.0043 Vl:0.2454 MacroF1:0.7866 LR:3.29e-05
  Ep10/20 Tr:0.0028 Vl:0.2783 MacroF1:0.7435 LR:2.92e-05
  Ep11/20 Tr:0.0032 Vl:0.2152 MacroF1:0.8095 LR:2.54e-05
  Ep12/20 Tr:0.0016 Vl:0.1900 MacroF1:0.8273 LR:1.08e-05
  Ep13/20 Tr:0.0020 Vl:0.2164 MacroF1:0.8014 LR:9.02e-06
  Ep14/20 Tr:0.0014 Vl:0.2177 MacroF1:0.7905 LR:7.34e-06
  Ep15/20 Tr:0.0013 Vl:0.2296 MacroF1:0.8032 LR:5.79e-06
  Ep16/20 Tr:0.0011 Vl:0.2273 MacroF1:0.8005 LR:2.20e-06
  Ep17/20 Tr:0.0011 Vl:0.2233 MacroF1:0.8047 LR:1.78e-06
  Ep18/20 Tr:0.0011 Vl:0.2113 MacroF1:0.8064 LR:1.45e-06
  Ep19/20 Tr:0.0008 Vl:0.2107 MacroF1:0.8062 LR:1.20e-06
  Ep20/20 Tr:0.0007 Vl:0.2133 MacroF1:0.8050 LR:5.25e-07

=== Training S3_Swin | lr=0.0001 | epochs=20 ===
  Ep01/20 Tr:0.4036 Vl:0.2219 MacroF1:0.7458 LR:1.00e-04
  Ep02/20 Tr:0.0838 Vl:0.1658 MacroF1:0.7771 LR:9.94e-05
  Ep03/20 Tr:0.0547 Vl:0.3024 MacroF1:0.6952 LR:9.76e-05
  Ep04/20 Tr:0.0363 Vl:0.1731 MacroF1:0.7463 LR:9.46e-05
  Ep05/20 Tr:0.0352 Vl:0.3265 MacroF1:0.6948 LR:9.05e-05
  Ep06/20 Tr:0.0243 Vl:0.1526 MacroF1:0.8056 LR:8.55e-05
  Ep07/20 Tr:0.0219 Vl:0.3418 MacroF1:0.7137 LR:7.96e-05
  Ep08/20 Tr:0.0235 Vl:0.2254 MacroF1:0.7653 LR:7.30e-05
  Ep09/20 Tr:0.0165 Vl:0.2091 MacroF1:0.8251 LR:6.58e-05
  Ep10/20 Tr:0.0130 Vl:0.2558 MacroF1:0.7459 LR:5.82e-05
  Ep11/20 Tr:0.0064 Vl:0.2457 MacroF1:0.7740 LR:2.53e-05
  Ep12/20 Tr:0.0070 Vl:0.2011 MacroF1:0.7945 LR:2.15e-05
  Ep13/20 Tr:0.0068 Vl:0.2063 MacroF1:0.7898 LR:1.78e-05
  Ep14/20 Tr:0.0056 Vl:0.2076 MacroF1:0.7953 LR:1.42e-05
  Ep15/20 Tr:0.0057 Vl:0.2042 MacroF1:0.7892 LR:5.50e-06
  Ep16/20 Tr:0.0044 Vl:0.1980 MacroF1:0.7960 LR:4.20e-06
  Ep17/20 Tr:0.0053 Vl:0.1881 MacroF1:0.8088 LR:3.08e-06
  Ep18/20 Tr:0.0034 Vl:0.1983 MacroF1:0.8024 LR:2.19e-06
  Ep19/20 Tr:0.0029 Vl:0.1902 MacroF1:0.8095 LR:7.67e-07
  Ep20/20 Tr:0.0048 Vl:0.1894 MacroF1:0.8073 LR:9.41e-07

[Phase 5] Evaluating on shared test set...

--- S1_EffNetB0 ---
                      precision    recall  f1-score   support

    Ampulla of vater       0.40      1.00      0.57         2
         Angiectasia       0.51      0.97      0.67       130
       Blood - fresh       0.66      1.00      0.80        67
     Blood - hematin       0.67      1.00      0.80         2
             Erosion       0.27      0.96      0.43        76
            Erythema       0.26      0.92      0.41        24
        Foreign body       0.49      0.97      0.65       116
     Ileocecal valve       0.53      0.98      0.69       628
    Lymphangiectasia       0.38      1.00      0.55        89
 Normal clean mucosa       1.00      0.61      0.75      5151
               Polyp       0.67      1.00      0.80         8
             Pylorus       0.27      0.98      0.42       229
Reduced mucosal view       0.69      1.00      0.81       436
               Ulcer       0.80      0.99      0.89       128

            accuracy                           0.71      7086
           macro avg       0.54      0.96      0.66      7086
        weighted avg       0.87      0.71      0.73      7086


--- S1_MobileV3 ---
                      precision    recall  f1-score   support

    Ampulla of vater       1.00      1.00      1.00         2
         Angiectasia       0.68      0.97      0.80       130
       Blood - fresh       0.91      1.00      0.95        67
     Blood - hematin       1.00      1.00      1.00         2
             Erosion       0.39      0.95      0.55        76
            Erythema       0.50      0.83      0.62        24
        Foreign body       0.60      0.96      0.74       116
     Ileocecal valve       0.65      0.98      0.78       628
    Lymphangiectasia       0.72      1.00      0.84        89
 Normal clean mucosa       1.00      0.78      0.88      5151
               Polyp       0.80      1.00      0.89         8
             Pylorus       0.37      0.98      0.54       229
Reduced mucosal view       0.81      0.99      0.89       436
               Ulcer       0.88      0.98      0.93       128

            accuracy                           0.84      7086
           macro avg       0.74      0.96      0.81      7086
        weighted avg       0.91      0.84      0.85      7086


--- S1_ResNet50 ---
                      precision    recall  f1-score   support

    Ampulla of vater       0.67      1.00      0.80         2
         Angiectasia       0.27      0.98      0.43       130
       Blood - fresh       0.78      1.00      0.88        67
     Blood - hematin       0.40      1.00      0.57         2
             Erosion       0.40      0.95      0.56        76
            Erythema       0.18      0.92      0.30        24
        Foreign body       0.36      0.97      0.53       116
     Ileocecal valve       0.47      0.97      0.63       628
    Lymphangiectasia       0.38      0.99      0.55        89
 Normal clean mucosa       1.00      0.54      0.70      5151
               Polyp       0.62      1.00      0.76         8
             Pylorus       0.24      0.98      0.38       229
Reduced mucosal view       0.89      0.99      0.94       436
               Ulcer       0.84      0.96      0.90       128

            accuracy                           0.66      7086
           macro avg       0.54      0.95      0.64      7086
        weighted avg       0.87      0.66      0.69      7086


--- S3_EffNetB0 ---
                      precision    recall  f1-score   support

    Ampulla of vater       0.67      1.00      0.80         2
         Angiectasia       0.92      0.96      0.94       130
       Blood - fresh       0.96      1.00      0.98        67
     Blood - hematin       1.00      1.00      1.00         2
             Erosion       0.26      0.99      0.42        76
            Erythema       0.50      0.75      0.60        24
        Foreign body       0.66      0.96      0.78       116
     Ileocecal valve       0.82      0.91      0.86       628
    Lymphangiectasia       0.67      0.99      0.80        89
 Normal clean mucosa       0.99      0.84      0.91      5151
               Polyp       0.73      1.00      0.84         8
             Pylorus       0.40      0.91      0.56       229
Reduced mucosal view       0.80      0.97      0.88       436
               Ulcer       0.91      0.97      0.94       128

            accuracy                           0.87      7086
           macro avg       0.74      0.95      0.81      7086
        weighted avg       0.92      0.87      0.89      7086


--- S3_MobileV3 ---
                      precision    recall  f1-score   support

    Ampulla of vater       0.22      1.00      0.36         2
         Angiectasia       0.66      0.95      0.78       130
       Blood - fresh       0.94      1.00      0.97        67
     Blood - hematin       1.00      1.00      1.00         2
             Erosion       0.41      0.95      0.58        76
            Erythema       0.41      0.92      0.56        24
        Foreign body       0.52      0.96      0.67       116
     Ileocecal valve       0.83      0.88      0.85       628
    Lymphangiectasia       0.59      1.00      0.74        89
 Normal clean mucosa       0.98      0.87      0.92      5151
               Polyp       0.73      1.00      0.84         8
             Pylorus       0.60      0.79      0.68       229
Reduced mucosal view       0.78      0.94      0.85       436
               Ulcer       0.84      0.96      0.89       128

            accuracy                           0.88      7086
           macro avg       0.68      0.94      0.77      7086
        weighted avg       0.91      0.88      0.89      7086


--- S3_ResNet50 ---
                      precision    recall  f1-score   support

    Ampulla of vater       0.67      1.00      0.80         2
         Angiectasia       0.75      0.95      0.84       130
       Blood - fresh       0.97      1.00      0.99        67
     Blood - hematin       1.00      1.00      1.00         2
             Erosion       0.39      0.96      0.56        76
            Erythema       0.41      0.92      0.56        24
        Foreign body       0.53      0.97      0.68       116
     Ileocecal valve       0.79      0.93      0.85       628
    Lymphangiectasia       0.54      1.00      0.70        89
 Normal clean mucosa       0.99      0.86      0.92      5151
               Polyp       0.89      1.00      0.94         8
             Pylorus       0.57      0.91      0.70       229
Reduced mucosal view       0.80      0.97      0.88       436
               Ulcer       0.90      0.92      0.91       128

            accuracy                           0.88      7086
           macro avg       0.73      0.96      0.81      7086
        weighted avg       0.92      0.88      0.89      7086

--- S3_ViT ---
                      precision    recall  f1-score   support

    Ampulla of vater       0.50      1.00      0.67         2
         Angiectasia       0.83      0.97      0.90       130
       Blood - fresh       0.78      1.00      0.88        67
     Blood - hematin       1.00      1.00      1.00         2
             Erosion       0.50      0.93      0.65        76
            Erythema       0.20      1.00      0.33        24
        Foreign body       0.59      0.95      0.73       116
     Ileocecal valve       0.83      0.90      0.86       628
    Lymphangiectasia       0.85      0.99      0.92        89
 Normal clean mucosa       0.99      0.89      0.94      5151
               Polyp       0.89      1.00      0.94         8
             Pylorus       0.54      0.85      0.66       229
Reduced mucosal view       0.91      0.91      0.91       436
               Ulcer       0.89      0.95      0.92       128

            accuracy                           0.90      7086
           macro avg       0.74      0.95      0.81      7086
        weighted avg       0.93      0.90      0.91      7086


--- S3_Swin ---
                      precision    recall  f1-score   support

    Ampulla of vater       0.50      1.00      0.67         2
         Angiectasia       0.90      0.96      0.93       130
       Blood - fresh       0.99      1.00      0.99        67
     Blood - hematin       1.00      1.00      1.00         2
             Erosion       0.65      0.95      0.77        76
            Erythema       0.52      1.00      0.69        24
        Foreign body       0.54      0.98      0.70       116
     Ileocecal valve       0.90      0.90      0.90       628
    Lymphangiectasia       0.64      1.00      0.78        89
 Normal clean mucosa       0.99      0.90      0.94      5151
               Polyp       0.62      1.00      0.76         8
             Pylorus       0.54      0.93      0.68       229
Reduced mucosal view       0.85      0.97      0.91       436
               Ulcer       0.91      0.98      0.94       128

            accuracy                           0.91      7086
           macro avg       0.75      0.97      0.83      7086
        weighted avg       0.94      0.91      0.92      7086


================================================================================
FULL RESULTS SUMMARY
================================================================================
Model                    Acc(w)    F1(w)   Rec(macro)  F1(macro)
--------------------------------------------------------------------------------
S1_EffNetB0              0.7086   0.7336       0.9550     0.6597
S1_MobileV3              0.8366   0.8517       0.9587     0.8143
S1_ResNet50              0.6581   0.6904       0.9465     0.6378
S3_EffNetB0              0.8695   0.8855       0.9460     0.8075
S3_MobileV3              0.8808   0.8892       0.9441     0.7653
S3_ResNet50              0.8826   0.8922       0.9561     0.8095
S3_ViT                   0.9008   0.9104       0.9524     0.8069
S3_Swin                  0.9146   0.9211       0.9696     0.8331

Best model: S3_Swin | F1(macro)=0.8331

[Phase 6] Supervised anomaly detection...
Score-based: AUROC=0.3452  AUPRC=0.2092  BestF2=0.2106
Training binary anomaly detector...
  Ep05/20 Loss:0.0552
  Ep10/20 Loss:0.0286
  Ep15/20 Loss:0.0082
  Ep20/20 Loss:0.0030
Binary detector: AUROC=0.9993  AUPRC=0.9988  BestF2=0.9915

[Phase 7] Unsupervised anomaly detection...
Extracting features for unsupervised methods...
Features: (7086, 1280)  Normal:5151  Anomaly:1935
  K-Means centroid...
  K-Means: AUROC=0.9448  AUPRC=0.8857
  Isolation Forest...
  IsoForest: AUROC=0.9377  AUPRC=0.8820
  One-Class SVM (subsampled for speed)...
  OCSVM:     AUROC=0.9590  AUPRC=0.9287
  Autoencoder...
  AE train on 24,036 Normal images for 30 epochs...
    Ep10 AE_Loss:0.644701
    Ep20 AE_Loss:0.643996
    Ep30 AE_Loss:0.643674
  Autoencoder: AUROC=0.5745  AUPRC=0.3659

=================================================================
ANOMALY DETECTION COMPARISON
=================================================================
Method                                      AUROC    AUPRC
-----------------------------------------------------------------
K-Means centroid (unsup)                   0.9448   0.8857
Isolation Forest (unsup)                   0.9377   0.8820
One-Class SVM (unsup)                      0.9590   0.9287
Autoencoder recon error (unsup)            0.5745   0.3659
Score-based 1-softmax (sup)                0.3452   0.2092
Binary detector (sup)                      0.9993   0.9988
Saved anomaly_ROC_comparison.png

[Phase 8] t-SNE feature visualisation...
  Extracting ViT features...
  t-SNE on CNN-EfficientNetB0 (2000 samples)...
Thu Apr 16 04:11:47 2026       
+-----------------------------------------------------------------------------------------+
| NVIDIA-SMI 570.211.01             Driver Version: 570.211.01     CUDA Version: 12.8     |
|-----------------------------------------+------------------------+----------------------+
| GPU  Name                 Persistence-M | Bus-Id          Disp.A | Volatile Uncorr. ECC |
| Fan  Temp   Perf          Pwr:Usage/Cap |           Memory-Usage | GPU-Util  Compute M. |
|                                         |                        |               MIG M. |
|=========================================+========================+======================|
|   0  NVIDIA H100 NVL                Off |   00000000:01:00.0 Off |                    0 |
| N/A   88C    P0            226W /  400W |   38282MiB /  95830MiB |     79%      Default |
|                                         |                        |             Disabled |
+-----------------------------------------+------------------------+----------------------+
                                                                                         
+-----------------------------------------------------------------------------------------+
| Processes:                                                                              |
|  GPU   GI   CI              PID   Type   Process name                        GPU Memory |
|        ID   ID                                                               Usage      |
|=========================================================================================|
|    0   N/A  N/A            4394      G   /usr/lib/xorg/Xorg                        4MiB |
|    0   N/A  N/A          756680      C   python3                               13732MiB |
|    0   N/A  N/A          992530      C   ...s/alignn_env_svnit/bin/python      24520MiB |
+-----------------------------------------------------------------------------------------+
==========================================
 JOB FINISHED ON: Thursday 16 April 2026 04:11:47 AM IST
==========================================
