==========================================
 JOB STARTED: Wednesday 15 April 2026 08:05:47 PM IST
 Host: node1
==========================================
Wed Apr 15 20:05:47 2026       
+-----------------------------------------------------------------------------------------+
| NVIDIA-SMI 570.211.01             Driver Version: 570.211.01     CUDA Version: 12.8     |
|-----------------------------------------+------------------------+----------------------+
| GPU  Name                 Persistence-M | Bus-Id          Disp.A | Volatile Uncorr. ECC |
| Fan  Temp   Perf          Pwr:Usage/Cap |           Memory-Usage | GPU-Util  Compute M. |
|                                         |                        |               MIG M. |
|=========================================+========================+======================|
|   0  NVIDIA H100 NVL                Off |   00000000:01:00.0 Off |                    0 |
| N/A   91C    P0            227W /  400W |   27554MiB /  95830MiB |    100%      Default |
|                                         |                        |             Disabled |
+-----------------------------------------+------------------------+----------------------+
                                                                                         
+-----------------------------------------------------------------------------------------+
| Processes:                                                                              |
|  GPU   GI   CI              PID   Type   Process name                        GPU Memory |
|        ID   ID                                                               Usage      |
|=========================================================================================|
|    0   N/A  N/A            4000      G   /usr/lib/xorg/Xorg                        4MiB |
|    0   N/A  N/A         3728709      C   python                                 1184MiB |
|    0   N/A  N/A         4106151      C   python                                26340MiB |
+-----------------------------------------------------------------------------------------+
PyTorch : 
CUDA    : 
GPU     : 
==========================================
 RUNNING wce_major_final.py
==========================================
==========================================
 JOB FINISHED: Wednesday 15 April 2026 08:05:48 PM IST
 Exit code: 127
==========================================
OUTPUT FILES:
total 0
